\BOOKMARK [1][-]{section.1}{\376\377\000I\000n\000t\000r\000o\000d\000u\000c\000t\000i\000o\000n}{}% 1
\BOOKMARK [1][-]{section.2}{\376\377\000L\000i\000t\000e\000r\000a\000t\000u\000r\000e\000\040\000R\000e\000v\000i\000e\000w}{}% 2
\BOOKMARK [2][-]{subsection.2.1}{\376\377\000M\000a\000t\000h\000e\000m\000a\000t\000i\000c\000a\000l\000\040\000p\000r\000o\000g\000r\000a\000m\000m\000i\000n\000g\000\040\000f\000o\000r\000m\000u\000l\000a\000t\000i\000o\000n\000s}{section.2}% 3
\BOOKMARK [2][-]{subsection.2.2}{\376\377\000M\000I\000L\000P\000\040\000a\000l\000t\000e\000r\000n\000a\000t\000i\000v\000e\000s\000\040\000t\000o\000\040\000t\000h\000e\000\040\000K\000h\000a\000l\000e\000d\000\040\000c\000o\000m\000p\000a\000c\000t\000\040\000m\000o\000d\000e\000l}{section.2}% 4
\BOOKMARK [2][-]{subsection.2.3}{\376\377\000C\000o\000m\000p\000a\000r\000i\000s\000o\000n\000\040\000s\000c\000o\000p\000e\000\040\000a\000n\000d\000\040\000f\000a\000i\000r\000n\000e\000s\000s}{section.2}% 5
\BOOKMARK [2][-]{subsection.2.4}{\376\377\000M\000a\000i\000n\000t\000e\000n\000a\000n\000c\000e\000\040\000c\000o\000n\000s\000t\000r\000a\000i\000n\000t\000s}{section.2}% 6
\BOOKMARK [2][-]{subsection.2.5}{\376\377\000H\000e\000u\000r\000i\000s\000t\000i\000c\000\040\000a\000p\000p\000r\000o\000a\000c\000h\000e\000s}{section.2}% 7
\BOOKMARK [2][-]{subsection.2.6}{\376\377\000P\000o\000s\000i\000t\000i\000o\000n\000\040\000o\000f\000\040\000t\000h\000e\000\040\000p\000r\000e\000s\000e\000n\000t\000\040\000p\000a\000p\000e\000r}{section.2}% 8
\BOOKMARK [1][-]{section.3}{\376\377\000T\000h\000e\000\040\000B\000a\000s\000i\000c\000\040\000T\000a\000i\000l\000\040\000A\000s\000s\000i\000g\000n\000m\000e\000n\000t\000\040\000M\000o\000d\000e\000l}{}% 9
\BOOKMARK [2][-]{subsection.3.1}{\376\377\000D\000e\000c\000i\000s\000i\000o\000n\000\040\000v\000a\000r\000i\000a\000b\000l\000e\000s\000\040\000a\000n\000d\000\040\000o\000b\000j\000e\000c\000t\000i\000v\000e}{section.3}% 10
\BOOKMARK [2][-]{subsection.3.2}{\376\377\000C\000o\000n\000s\000t\000r\000a\000i\000n\000t\000s}{section.3}% 11
\BOOKMARK [2][-]{subsection.3.3}{\376\377\000V\000a\000l\000i\000d\000i\000t\000y}{section.3}% 12
\BOOKMARK [2][-]{subsection.3.4}{\376\377\000C\000o\000u\000n\000t\000e\000r\000-\000e\000x\000a\000m\000p\000l\000e\000\040\000w\000i\000t\000h\000\040\000s\000i\000m\000u\000l\000t\000a\000n\000e\000o\000u\000s\000\040\000d\000e\000p\000a\000r\000t\000u\000r\000e\000s}{section.3}% 13
\BOOKMARK [2][-]{subsection.3.5}{\376\377\000M\000o\000d\000e\000l\000\040\000s\000i\000z\000e}{section.3}% 14
\BOOKMARK [2][-]{subsection.3.6}{\376\377\000I\000l\000l\000u\000s\000t\000r\000a\000t\000i\000v\000e\000\040\000e\000x\000a\000m\000p\000l\000e}{section.3}% 15
\BOOKMARK [1][-]{section.4}{\376\377\000T\000h\000e\000\040\000M\000a\000i\000n\000t\000e\000n\000a\000n\000c\000e\000-\000E\000x\000t\000e\000n\000d\000e\000d\000\040\000M\000o\000d\000e\000l\000\040\000a\000n\000d\000\040\000C\000o\000r\000r\000e\000c\000t\000i\000o\000n\000\040\000o\000f\000\040\000C\000o\000n\000s\000t\000r\000a\000i\000n\000t\000\040\000\050\0001\0003\000\051}{}% 16
\BOOKMARK [2][-]{subsection.4.1}{\376\377\000M\000a\000i\000n\000t\000e\000n\000a\000n\000c\000e\000\040\000p\000r\000o\000b\000l\000e\000m\000\040\000d\000e\000f\000i\000n\000i\000t\000i\000o\000n}{section.4}% 17
\BOOKMARK [2][-]{subsection.4.2}{\376\377\000A\000d\000d\000i\000t\000i\000o\000n\000a\000l\000\040\000d\000e\000c\000i\000s\000i\000o\000n\000\040\000v\000a\000r\000i\000a\000b\000l\000e\000s}{section.4}% 18
\BOOKMARK [2][-]{subsection.4.3}{\376\377\000E\000x\000t\000e\000n\000d\000e\000d\000\040\000m\000o\000d\000e\000l}{section.4}% 19
\BOOKMARK [2][-]{subsection.4.4}{\376\377\000I\000m\000p\000a\000c\000t\000\040\000o\000f\000\040\000c\000o\000r\000r\000e\000c\000t\000e\000d\000\040\000C\0002\040\023\000C\0004\000\040\000f\000e\000a\000s\000i\000b\000i\000l\000i\000t\000y\000\040\000o\000n\000\040\000C\0008\040\023\000C\0001\0004}{section.4}% 20
\BOOKMARK [2][-]{subsection.4.5}{\376\377\000R\000i\000g\000o\000r\000o\000u\000s\000\040\000f\000e\000a\000s\000i\000b\000i\000l\000i\000t\000y\000\040\000t\000h\000e\000o\000r\000e\000m\000\040\000f\000o\000r\000\040\000C\0001\040\023\000C\0001\0004}{section.4}% 21
\BOOKMARK [2][-]{subsection.4.6}{\376\377\000C\000o\000n\000s\000t\000r\000a\000i\000n\000t\000\040\000\050\0001\0003\000\051\000:\000\040\000o\000r\000i\000g\000i\000n\000a\000l\000\040\000f\000o\000r\000m\000u\000l\000a\000t\000i\000o\000n\000\040\000a\000n\000d\000\040\000i\000t\000s\000\040\000f\000l\000a\000w}{section.4}% 22
\BOOKMARK [2][-]{subsection.4.7}{\376\377\000C\000o\000r\000r\000e\000c\000t\000e\000d\000\040\000C\000o\000n\000s\000t\000r\000a\000i\000n\000t\000\040\000\050\0001\0003\000\051}{section.4}% 23
\BOOKMARK [2][-]{subsection.4.8}{\376\377\000P\000r\000e\000-\000h\000o\000r\000i\000z\000o\000n\000\040\000a\000c\000c\000u\000m\000u\000l\000a\000t\000e\000d\000\040\000h\000o\000u\000r\000s\000\040\000\050\000C\000o\000n\000s\000t\000r\000a\000i\000n\000t\000\040\0001\0003\000b\000\051}{section.4}% 24
\BOOKMARK [2][-]{subsection.4.9}{\376\377\000I\000n\000t\000e\000g\000r\000a\000l\000i\000t\000y\000\040\000c\000o\000n\000s\000t\000r\000a\000i\000n\000t\000s}{section.4}% 25
\BOOKMARK [1][-]{section.5}{\376\377\000E\000x\000t\000e\000n\000s\000i\000o\000n\000\040\000t\000o\000\040\000t\000h\000e\000\040\000F\000u\000l\000l\000\040\000A\000B\000C\000D\000\040\000M\000a\000i\000n\000t\000e\000n\000a\000n\000c\000e\000\040\000H\000i\000e\000r\000a\000r\000c\000h\000y}{}% 26
\BOOKMARK [2][-]{subsection.5.1}{\376\377\000E\000x\000t\000e\000n\000d\000e\000d\000\040\000n\000o\000t\000a\000t\000i\000o\000n}{section.5}% 27
\BOOKMARK [2][-]{subsection.5.2}{\376\377\000H\000i\000e\000r\000a\000r\000c\000h\000y\000\040\000c\000o\000n\000s\000t\000r\000a\000i\000n\000t\000s}{section.5}% 28
\BOOKMARK [2][-]{subsection.5.3}{\376\377\000F\000l\000i\000g\000h\000t\000-\000h\000o\000u\000r\000\040\000t\000r\000i\000g\000g\000e\000r\000e\000d\000\040\000c\000h\000e\000c\000k\000s\000\040\000\050\000A\000\040\000a\000n\000d\000\040\000B\000\051}{section.5}% 29
\BOOKMARK [2][-]{subsection.5.4}{\376\377\000C\000a\000l\000e\000n\000d\000a\000r\000-\000d\000a\000y\000\040\000t\000r\000i\000g\000g\000e\000r\000e\000d\000\040\000c\000h\000e\000c\000k\000s\000\040\000\050\000C\000\040\000a\000n\000d\000\040\000D\000\051}{section.5}% 30
\BOOKMARK [2][-]{subsection.5.5}{\376\377\000P\000r\000e\000-\000h\000o\000r\000i\000z\000o\000n\000\040\000a\000c\000c\000u\000m\000u\000l\000a\000t\000e\000d\000\040\000v\000a\000l\000u\000e\000s}{section.5}% 31
\BOOKMARK [2][-]{subsection.5.6}{\376\377\000M\000o\000d\000e\000l\000\040\000s\000i\000z\000e\000\040\000i\000m\000p\000a\000c\000t}{section.5}% 32
\BOOKMARK [1][-]{section.6}{\376\377\000H\000e\000u\000r\000i\000s\000t\000i\000c\000\040\000A\000l\000g\000o\000r\000i\000t\000h\000m\000s}{}% 33
\BOOKMARK [2][-]{subsection.6.1}{\376\377\000T\000i\000m\000e\000l\000i\000n\000e\000\040\000s\000i\000m\000u\000l\000a\000t\000o\000r}{section.6}% 34
\BOOKMARK [2][-]{subsection.6.2}{\376\377\000H\000e\000u\000r\000i\000s\000t\000i\000c\000\040\0001\000:\000\040\000G\000r\000e\000e\000d\000y\000\040\000+\000\040\000I\000n\000s\000e\000r\000t\000i\000o\000n}{section.6}% 35
\BOOKMARK [2][-]{subsection.6.3}{\376\377\000H\000e\000u\000r\000i\000s\000t\000i\000c\000\040\0002\000:\000\040\000D\000i\000j\000k\000s\000t\000r\000a\000-\000B\000a\000s\000e\000d\000\040\000S\000p\000a\000c\000e\000-\000T\000i\000m\000e\000\040\000H\000e\000u\000r\000i\000s\000t\000i\000c}{section.6}% 36
\BOOKMARK [2][-]{subsection.6.4}{\376\377\000H\000e\000u\000r\000i\000s\000t\000i\000c\000\040\0003\000:\000\040\000A\000n\000t\000\040\000C\000o\000l\000o\000n\000y\000\040\000O\000p\000t\000i\000m\000i\000z\000a\000t\000i\000o\000n\000\040\000\050\000A\000C\000O\000\051}{section.6}% 37
\BOOKMARK [2][-]{subsection.6.5}{\376\377\000Q\000u\000a\000l\000i\000t\000y\000\040\000s\000u\000m\000m\000a\000r\000y}{section.6}% 38
\BOOKMARK [1][-]{section.7}{\376\377\000C\000o\000m\000p\000u\000t\000a\000t\000i\000o\000n\000a\000l\000\040\000S\000t\000u\000d\000y}{}% 39
\BOOKMARK [2][-]{subsection.7.1}{\376\377\000I\000m\000p\000l\000e\000m\000e\000n\000t\000a\000t\000i\000o\000n\000\040\000a\000n\000d\000\040\000e\000n\000v\000i\000r\000o\000n\000m\000e\000n\000t}{section.7}% 40
\BOOKMARK [2][-]{subsection.7.2}{\376\377\000P\000h\000a\000s\000e\000-\0000\000\040\000r\000e\000p\000r\000o\000d\000u\000c\000i\000b\000i\000l\000i\000t\000y\000\040\000f\000r\000e\000e\000z\000e\000\040\000a\000n\000d\000\040\000r\000u\000n\000\040\000m\000a\000n\000i\000f\000e\000s\000t}{section.7}% 41
\BOOKMARK [2][-]{subsection.7.3}{\376\377\000I\000n\000s\000t\000a\000n\000c\000e\000\040\000g\000e\000n\000e\000r\000a\000t\000i\000o\000n}{section.7}% 42
\BOOKMARK [2][-]{subsection.7.4}{\376\377\000P\000h\000a\000s\000e\000-\0001\000\040\000d\000a\000t\000a\000s\000e\000t\000\040\000p\000r\000o\000g\000r\000a\000m\000\040\000\050\0002\0005\000-\000i\000n\000s\000t\000a\000n\000c\000e\000\040\000d\000e\000s\000i\000g\000n\000\051}{section.7}% 43
\BOOKMARK [2][-]{subsection.7.5}{\376\377\000P\000h\000a\000s\000e\000-\0002\000:\000\040\000t\000h\000r\000e\000e\000-\000m\000e\000t\000h\000o\000d\000\040\000f\000r\000a\000m\000i\000n\000g\000\040\000a\000n\000d\000\040\000c\000o\000m\000p\000a\000r\000i\000s\000o\000n\000\040\000m\000a\000t\000r\000i\000x}{section.7}% 44
\BOOKMARK [2][-]{subsection.7.6}{\376\377\000R\000e\000p\000r\000o\000d\000u\000c\000t\000i\000o\000n\000\040\000o\000f\000\040\000T\000a\000b\000l\000e\000s\000\040\0005\000\040\000a\000n\000d\000\040\0006\000\040\000\050\000b\000a\000s\000i\000c\000\040\000m\000o\000d\000e\000l\000\051}{section.7}% 45
\BOOKMARK [2][-]{subsection.7.7}{\376\377\000E\000x\000a\000c\000t\000-\000f\000e\000a\000s\000i\000b\000l\000e\000\040\000i\000n\000s\000t\000a\000n\000c\000e\000\040\000c\000o\000m\000p\000a\000r\000i\000s\000o\000n\000:\000\040\000c\000e\000r\000t\000i\000f\000i\000c\000a\000t\000i\000o\000n\000\040\000a\000n\000d\000\040\000o\000p\000t\000i\000m\000a\000l\000i\000t\000y\000\040\000g\000a\000p\000s}{section.7}% 46
\BOOKMARK [2][-]{subsection.7.8}{\376\377\000L\000o\000w\000e\000r\000\040\000b\000o\000u\000n\000d\000\040\000v\000a\000l\000i\000d\000a\000t\000i\000o\000n\000\040\000v\000i\000a\000\040\000L\000P\000\040\000r\000e\000l\000a\000x\000a\000t\000i\000o\000n}{section.7}% 47
\BOOKMARK [2][-]{subsection.7.9}{\376\377\000P\000h\000a\000s\000e\000-\0003\000:\000\040\000s\000c\000a\000l\000a\000b\000i\000l\000i\000t\000y\000\040\000b\000o\000u\000n\000d\000a\000r\000y\000\040\000o\000f\000\040\000t\000h\000e\000\040\000M\000I\000L\000P}{section.7}% 48
\BOOKMARK [2][-]{subsection.7.10}{\376\377\000P\000h\000a\000s\000e\000-\0004\000:\000\040\000s\000e\000n\000s\000i\000t\000i\000v\000i\000t\000y\000\040\000a\000n\000a\000l\000y\000s\000i\000s\000\040\000o\000f\000\040\000m\000a\000i\000n\000t\000e\000n\000a\000n\000c\000e\000\040\000p\000a\000r\000a\000m\000e\000t\000e\000r\000s}{section.7}% 49
\BOOKMARK [2][-]{subsection.7.11}{\376\377\000R\000e\000p\000r\000o\000d\000u\000c\000t\000i\000o\000n\000\040\000o\000f\000\040\000T\000a\000b\000l\000e\000s\000\040\0001\0000\000\040\000a\000n\000d\000\040\0001\0001\000\040\000\050\000m\000a\000i\000n\000t\000e\000n\000a\000n\000c\000e\000\040\000m\000o\000d\000e\000l\000\051}{section.7}% 50
\BOOKMARK [2][-]{subsection.7.12}{\376\377\000E\000f\000f\000e\000c\000t\000\040\000o\000f\000\040\000t\000h\000e\000\040\000C\000o\000n\000s\000t\000r\000a\000i\000n\000t\000\040\000\050\0001\0003\000\051\000\040\000c\000o\000r\000r\000e\000c\000t\000i\000o\000n}{section.7}% 51
\BOOKMARK [2][-]{subsection.7.13}{\376\377\000F\000u\000l\000l\000\040\000h\000i\000e\000r\000a\000r\000c\000h\000y\000\040\000r\000e\000s\000u\000l\000t\000s}{section.7}% 52
\BOOKMARK [2][-]{subsection.7.14}{\376\377\000H\000e\000u\000r\000i\000s\000t\000i\000c\000\040\000b\000e\000n\000c\000h\000m\000a\000r\000k}{section.7}% 53
\BOOKMARK [2][-]{subsection.7.15}{\376\377\000B\000o\000u\000n\000d\000a\000r\000y\000\040\000s\000u\000i\000t\000e\000\040\000a\000n\000d\000\040\000m\000e\000t\000h\000o\000d\000\040\000c\000o\000v\000e\000r\000a\000g\000e}{section.7}% 54
\BOOKMARK [2][-]{subsection.7.16}{\376\377\000H\000e\000a\000v\000y\000-\000i\000n\000s\000t\000a\000n\000c\000e\000\040\000s\000t\000r\000e\000s\000s\000\040\000t\000e\000s\000t}{section.7}% 55
\BOOKMARK [2][-]{subsection.7.17}{\376\377\000D\000e\000n\000s\000e\000\040\000h\000e\000a\000v\000y\000\040\000i\000n\000s\000t\000a\000n\000c\000e\000s}{section.7}% 56
\BOOKMARK [2][-]{subsection.7.18}{\376\377\000S\000u\000m\000m\000a\000r\000y\000\040\000o\000f\000\040\000f\000i\000n\000d\000i\000n\000g\000s}{section.7}% 57
\BOOKMARK [1][-]{section.8}{\376\377\000C\000o\000n\000c\000l\000u\000s\000i\000o\000n\000s\000\040\000a\000n\000d\000\040\000F\000u\000t\000u\000r\000e\000\040\000W\000o\000r\000k}{}% 58
