\BOOKMARK [0][-]{chapter.1}{\376\377\000I\000n\000t\000r\000o\000d\000u\000c\000t\000i\000o\000n}{}% 1
\BOOKMARK [1][-]{section.1.1}{\376\377\000I\000n\000t\000r\000o\000d\000u\000c\000t\000i\000o\000n}{chapter.1}% 2
\BOOKMARK [0][-]{chapter.2}{\376\377\000L\000i\000t\000e\000r\000a\000t\000u\000r\000e\000\040\000R\000e\000v\000i\000e\000w}{}% 3
\BOOKMARK [1][-]{section.2.1}{\376\377\000L\000i\000t\000e\000r\000a\000t\000u\000r\000e\000\040\000R\000e\000v\000i\000e\000w}{chapter.2}% 4
\BOOKMARK [2][-]{subsection.2.1.1}{\376\377\000A\000i\000r\000c\000r\000a\000f\000t\000\040\000r\000o\000u\000t\000i\000n\000g\000\040\000a\000n\000d\000\040\000t\000a\000i\000l\000-\000a\000s\000s\000i\000g\000n\000m\000e\000n\000t\000\040\000f\000o\000r\000m\000u\000l\000a\000t\000i\000o\000n\000s}{section.2.1}% 5
\BOOKMARK [2][-]{subsection.2.1.2}{\376\377\000M\000a\000t\000h\000e\000m\000a\000t\000i\000c\000a\000l\000\040\000p\000r\000o\000g\000r\000a\000m\000m\000i\000n\000g\000\040\000f\000o\000r\000m\000u\000l\000a\000t\000i\000o\000n\000s}{section.2.1}% 6
\BOOKMARK [2][-]{subsection.2.1.3}{\376\377\000M\000I\000L\000P\000\040\000a\000l\000t\000e\000r\000n\000a\000t\000i\000v\000e\000s\000\040\000t\000o\000\040\000t\000h\000e\000\040\000K\000h\000a\000l\000e\000d\000\040\000c\000o\000m\000p\000a\000c\000t\000\040\000m\000o\000d\000e\000l}{section.2.1}% 7
\BOOKMARK [2][-]{subsection.2.1.4}{\376\377\000I\000n\000t\000e\000g\000r\000a\000t\000e\000d\000\040\000a\000i\000r\000l\000i\000n\000e\000\040\000p\000l\000a\000n\000n\000i\000n\000g}{section.2.1}% 8
\BOOKMARK [2][-]{subsection.2.1.5}{\376\377\000R\000o\000b\000u\000s\000t\000n\000e\000s\000s\000\040\000a\000n\000d\000\040\000o\000p\000e\000r\000a\000t\000i\000o\000n\000a\000l\000\040\000u\000n\000c\000e\000r\000t\000a\000i\000n\000t\000y}{section.2.1}% 9
\BOOKMARK [2][-]{subsection.2.1.6}{\376\377\000M\000a\000i\000n\000t\000e\000n\000a\000n\000c\000e\000\040\000p\000l\000a\000n\000n\000i\000n\000g\000\040\000a\000t\000\040\000d\000i\000f\000f\000e\000r\000e\000n\000t\000\040\000d\000e\000c\000i\000s\000i\000o\000n\000\040\000l\000e\000v\000e\000l\000s}{section.2.1}% 10
\BOOKMARK [2][-]{subsection.2.1.7}{\376\377\000H\000e\000u\000r\000i\000s\000t\000i\000c\000\040\000s\000o\000l\000u\000t\000i\000o\000n\000\040\000m\000e\000t\000h\000o\000d\000s\000\040\000a\000n\000d\000\040\000c\000r\000o\000s\000s\000-\000d\000o\000m\000a\000i\000n\000\040\000t\000r\000a\000n\000s\000f\000e\000r}{section.2.1}% 11
\BOOKMARK [2][-]{subsection.2.1.8}{\376\377\000C\000o\000m\000p\000a\000r\000i\000s\000o\000n\000\040\000s\000c\000o\000p\000e\000\040\000a\000n\000d\000\040\000f\000a\000i\000r\000n\000e\000s\000s}{section.2.1}% 12
\BOOKMARK [2][-]{subsection.2.1.9}{\376\377\000R\000e\000s\000e\000a\000r\000c\000h\000\040\000g\000a\000p\000\040\000a\000n\000d\000\040\000p\000o\000s\000i\000t\000i\000o\000n\000\040\000o\000f\000\040\000t\000h\000e\000\040\000t\000h\000e\000s\000i\000s}{section.2.1}% 13
\BOOKMARK [0][-]{chapter.3}{\376\377\000T\000h\000e\000\040\000G\000r\000o\000u\000n\000d\000\040\000R\000o\000u\000t\000i\000n\000g\000\040\000M\000o\000d\000e\000l}{}% 14
\BOOKMARK [1][-]{section.3.1}{\376\377\000S\000c\000o\000p\000e\000\040\000a\000n\000d\000\040\000m\000o\000d\000e\000l\000l\000i\000n\000g\000\040\000a\000s\000s\000u\000m\000p\000t\000i\000o\000n\000s}{chapter.3}% 15
\BOOKMARK [1][-]{section.3.2}{\376\377\000S\000e\000t\000s\000,\000\040\000p\000a\000r\000a\000m\000e\000t\000e\000r\000s\000,\000\040\000a\000n\000d\000\040\000c\000u\000m\000u\000l\000a\000t\000i\000v\000e\000\040\000f\000l\000i\000g\000h\000t\000\040\000s\000e\000t\000s}{chapter.3}% 16
\BOOKMARK [1][-]{section.3.3}{\376\377\000C\000o\000m\000p\000a\000c\000t\000\040\000m\000i\000x\000e\000d\000-\000i\000n\000t\000e\000g\000e\000r\000\040\000f\000o\000r\000m\000u\000l\000a\000t\000i\000o\000n}{chapter.3}% 17
\BOOKMARK [2][-]{subsection.3.3.1}{\376\377\000C\0001\000:\000\040\000f\000l\000i\000g\000h\000t\000\040\000c\000o\000v\000e\000r\000a\000g\000e}{section.3.3}% 18
\BOOKMARK [2][-]{subsection.3.3.2}{\376\377\000C\0002\000:\000\040\000c\000o\000n\000t\000i\000n\000u\000i\000t\000y\000\040\000a\000t\000\040\000n\000o\000n\000-\000i\000n\000i\000t\000i\000a\000l\000\040\000a\000i\000r\000p\000o\000r\000t\000s}{section.3.3}% 19
\BOOKMARK [2][-]{subsection.3.3.3}{\376\377\000C\0003\000:\000\040\000c\000o\000n\000t\000i\000n\000u\000i\000t\000y\000\040\000a\000t\000\040\000t\000h\000e\000\040\000i\000n\000i\000t\000i\000a\000l\000\040\000a\000i\000r\000p\000o\000r\000t}{section.3.3}% 20
\BOOKMARK [1][-]{section.3.4}{\376\377\000I\000n\000t\000e\000r\000p\000r\000e\000t\000a\000t\000i\000o\000n\000\040\000a\000n\000d\000\040\000v\000a\000l\000i\000d\000i\000t\000y\000\040\000o\000f\000\040\000t\000h\000e\000\040\000b\000a\000l\000a\000n\000c\000e\000s}{chapter.3}% 21
\BOOKMARK [1][-]{section.3.5}{\376\377\000E\000q\000u\000a\000l\000-\000t\000i\000m\000e\000\040\000d\000e\000p\000a\000r\000t\000u\000r\000e\000\040\000c\000o\000u\000n\000t\000e\000r\000e\000x\000a\000m\000p\000l\000e}{chapter.3}% 22
\BOOKMARK [1][-]{section.3.6}{\376\377\000C\000o\000n\000f\000l\000i\000c\000t\000\040\000g\000r\000a\000p\000h\000\040\000a\000n\000d\000\040\000c\000o\000r\000r\000e\000c\000t\000e\000d\000\040\000f\000e\000a\000s\000i\000b\000i\000l\000i\000t\000y\000\040\000m\000o\000d\000e\000l}{chapter.3}% 23
\BOOKMARK [1][-]{section.3.7}{\376\377\000M\000o\000d\000e\000l\000\040\000s\000i\000z\000e\000\040\000a\000n\000d\000\040\000c\000o\000m\000p\000u\000t\000a\000t\000i\000o\000n\000a\000l\000\040\000i\000m\000p\000l\000i\000c\000a\000t\000i\000o\000n\000s}{chapter.3}% 24
\BOOKMARK [1][-]{section.3.8}{\376\377\000I\000l\000l\000u\000s\000t\000r\000a\000t\000i\000v\000e\000\040\000n\000o\000n\000-\000c\000y\000c\000l\000i\000c\000\040\000a\000s\000s\000i\000g\000n\000m\000e\000n\000t}{chapter.3}% 25
\BOOKMARK [1][-]{section.3.9}{\376\377\000C\000h\000a\000p\000t\000e\000r\000\040\000s\000u\000m\000m\000a\000r\000y}{chapter.3}% 26
\BOOKMARK [0][-]{chapter.4}{\376\377\000M\000a\000i\000n\000t\000e\000n\000a\000n\000c\000e\000-\000E\000x\000t\000e\000n\000d\000e\000d\000\040\000M\000o\000d\000e\000l\000\040\000a\000n\000d\000\040\000t\000h\000e\000\040\000C\000o\000r\000r\000e\000c\000t\000i\000o\000n\000\040\000o\000f\000\040\000C\000o\000n\000s\000t\000r\000a\000i\000n\000t\000\040\000\050\0001\0003\000\051}{}% 27
\BOOKMARK [1][-]{section.4.1}{\376\377\000S\000c\000o\000p\000e\000\040\000a\000n\000d\000\040\000o\000p\000e\000r\000a\000t\000i\000o\000n\000a\000l\000\040\000a\000s\000s\000u\000m\000p\000t\000i\000o\000n\000s}{chapter.4}% 28
\BOOKMARK [1][-]{section.4.2}{\376\377\000S\000e\000t\000s\000,\000\040\000p\000a\000r\000a\000m\000e\000t\000e\000r\000s\000,\000\040\000a\000n\000d\000\040\000a\000u\000x\000i\000l\000i\000a\000r\000y\000\040\000d\000e\000f\000i\000n\000i\000t\000i\000o\000n\000s}{chapter.4}% 29
\BOOKMARK [1][-]{section.4.3}{\376\377\000M\000a\000i\000n\000t\000e\000n\000a\000n\000c\000e\000\040\000d\000e\000c\000i\000s\000i\000o\000n\000\040\000v\000a\000r\000i\000a\000b\000l\000e\000s}{chapter.4}% 30
\BOOKMARK [1][-]{section.4.4}{\376\377\000E\000x\000t\000e\000n\000d\000e\000d\000\040\000o\000b\000j\000e\000c\000t\000i\000v\000e\000\040\000f\000u\000n\000c\000t\000i\000o\000n}{chapter.4}% 31
\BOOKMARK [1][-]{section.4.5}{\376\377\000M\000a\000i\000n\000t\000e\000n\000a\000n\000c\000e\000-\000e\000v\000e\000n\000t\000\040\000f\000e\000a\000s\000i\000b\000i\000l\000i\000t\000y}{chapter.4}% 32
\BOOKMARK [2][-]{subsection.4.5.1}{\376\377\000C\0008\000:\000\040\000b\000l\000o\000c\000k\000i\000n\000g\000\040\000s\000u\000b\000s\000e\000q\000u\000e\000n\000t\000\040\000s\000a\000m\000e\000-\000d\000a\000y\000\040\000f\000l\000i\000g\000h\000t\000s}{section.4.5}% 33
\BOOKMARK [2][-]{subsection.4.5.2}{\376\377\000C\0009\000:\000\040\000c\000o\000u\000p\000l\000i\000n\000g\000\040\000a\000\040\000c\000h\000e\000c\000k\000\040\000t\000o\000\040\000i\000t\000s\000\040\000t\000r\000i\000g\000g\000e\000r\000\040\000f\000l\000i\000g\000h\000t}{section.4.5}% 34
\BOOKMARK [2][-]{subsection.4.5.3}{\376\377\000C\0001\0000\000:\000\040\000a\000i\000r\000p\000o\000r\000t\000-\000d\000a\000y\000\040\000m\000a\000i\000n\000t\000e\000n\000a\000n\000c\000e\000\040\000c\000a\000p\000a\000c\000i\000t\000y}{section.4.5}% 35
\BOOKMARK [2][-]{subsection.4.5.4}{\376\377\000C\0001\0001\000\040\000a\000n\000d\000\040\000C\0001\0004\000:\000\040\000d\000a\000i\000l\000y\000\040\000a\000g\000g\000r\000e\000g\000a\000t\000i\000o\000n\000\040\000a\000n\000d\000\040\000u\000n\000i\000q\000u\000e\000n\000e\000s\000s}{section.4.5}% 36
\BOOKMARK [2][-]{subsection.4.5.5}{\376\377\000C\0001\0002\000:\000\040\000m\000a\000x\000i\000m\000u\000m\000\040\000c\000a\000l\000e\000n\000d\000a\000r\000\040\000s\000p\000a\000c\000i\000n\000g}{section.4.5}% 37
\BOOKMARK [1][-]{section.4.6}{\376\377\000O\000r\000i\000g\000i\000n\000a\000l\000\040\000c\000u\000m\000u\000l\000a\000t\000i\000v\000e\000-\000h\000o\000u\000r\000\040\000c\000o\000n\000s\000t\000r\000a\000i\000n\000t}{chapter.4}% 38
\BOOKMARK [1][-]{section.4.7}{\376\377\000C\000o\000r\000r\000e\000c\000t\000e\000d\000\040\000e\000n\000d\000p\000o\000i\000n\000t\000-\000a\000n\000c\000h\000o\000r\000e\000d\000\040\000f\000o\000r\000m\000u\000l\000a\000t\000i\000o\000n}{chapter.4}% 39
\BOOKMARK [1][-]{section.4.8}{\376\377\000P\000r\000e\000-\000h\000o\000r\000i\000z\000o\000n\000\040\000a\000c\000c\000u\000m\000u\000l\000a\000t\000e\000d\000\040\000h\000o\000u\000r\000s}{chapter.4}% 40
\BOOKMARK [1][-]{section.4.9}{\376\377\000C\000h\000o\000i\000c\000e\000\040\000o\000f\000\040\000t\000h\000e\000\040\000b\000i\000g\000-\000M\000\040\000c\000o\000e\000f\000f\000i\000c\000i\000e\000n\000t}{chapter.4}% 41
\BOOKMARK [1][-]{section.4.10}{\376\377\000P\000h\000y\000s\000i\000c\000a\000l\000\040\000i\000n\000t\000e\000r\000p\000r\000e\000t\000a\000t\000i\000o\000n\000\040\000a\000n\000d\000\040\000m\000o\000d\000e\000l\000\040\000v\000a\000l\000i\000d\000i\000t\000y}{chapter.4}% 42
\BOOKMARK [1][-]{section.4.11}{\376\377\000C\000o\000m\000p\000l\000e\000t\000e\000\040\000s\000i\000n\000g\000l\000e\000-\000t\000y\000p\000e\000\040\000f\000o\000r\000m\000u\000l\000a\000t\000i\000o\000n\000\040\000a\000n\000d\000\040\000s\000i\000z\000e}{chapter.4}% 43
\BOOKMARK [0][-]{chapter.5}{\376\377\000F\000u\000l\000l\000\040\000A\000/\000B\000/\000C\000/\000D\000\040\000M\000a\000i\000n\000t\000e\000n\000a\000n\000c\000e\000\040\000H\000i\000e\000r\000a\000r\000c\000h\000y}{}% 44
\BOOKMARK [1][-]{section.5.1}{\376\377\000A\000p\000p\000l\000i\000c\000a\000t\000i\000o\000n\000\040\000r\000e\000p\000r\000e\000s\000e\000n\000t\000a\000t\000i\000o\000n\000\040\000o\000f\000\040\000t\000h\000e\000\040\000h\000i\000e\000r\000a\000r\000c\000h\000y}{chapter.5}% 45
\BOOKMARK [1][-]{section.5.2}{\376\377\000C\000h\000e\000c\000k\000\040\000t\000y\000p\000e\000s\000\040\000a\000n\000d\000\040\000r\000e\000g\000u\000l\000a\000t\000o\000r\000y\000\040\000h\000i\000e\000r\000a\000r\000c\000h\000y}{chapter.5}% 46
\BOOKMARK [1][-]{section.5.3}{\376\377\000H\000i\000e\000r\000a\000r\000c\000h\000y\000\040\000c\000o\000n\000s\000t\000r\000a\000i\000n\000t\000s}{chapter.5}% 47
\BOOKMARK [1][-]{section.5.4}{\376\377\000F\000l\000i\000g\000h\000t\000-\000h\000o\000u\000r\000\040\000c\000h\000e\000c\000k\000s\000:\000\040\000t\000y\000p\000e\000s\000\040\000A\000\040\000a\000n\000d\000\040\000B}{chapter.5}% 48
\BOOKMARK [2][-]{subsection.5.4.1}{\376\377\000M\000a\000x\000i\000m\000u\000m\000-\000s\000p\000a\000c\000i\000n\000g\000\040\000r\000e\000q\000u\000i\000r\000e\000m\000e\000n\000t}{section.5.4}% 49
\BOOKMARK [1][-]{section.5.5}{\376\377\000C\000a\000l\000e\000n\000d\000a\000r\000-\000d\000a\000y\000\040\000c\000h\000e\000c\000k\000s\000:\000\040\000t\000y\000p\000e\000s\000\040\000C\000\040\000a\000n\000d\000\040\000D}{chapter.5}% 50
\BOOKMARK [1][-]{section.5.6}{\376\377\000P\000r\000e\000-\000h\000o\000r\000i\000z\000o\000n\000\040\000s\000t\000a\000t\000e\000\040\000a\000c\000c\000o\000u\000n\000t\000i\000n\000g}{chapter.5}% 51
\BOOKMARK [1][-]{section.5.7}{\376\377\000M\000o\000d\000e\000l\000\040\000s\000i\000z\000e\000\040\000a\000n\000d\000\040\000o\000p\000e\000r\000a\000t\000i\000o\000n\000a\000l\000\040\000i\000m\000p\000l\000i\000c\000a\000t\000i\000o\000n\000s}{chapter.5}% 52
\BOOKMARK [0][-]{chapter.6}{\376\377\000H\000e\000u\000r\000i\000s\000t\000i\000c\000\040\000S\000o\000l\000u\000t\000i\000o\000n\000\040\000M\000e\000t\000h\000o\000d\000s}{}% 53
\BOOKMARK [1][-]{section.6.1}{\376\377\000T\000a\000x\000o\000n\000o\000m\000y\000\040\000o\000f\000\040\000h\000e\000u\000r\000i\000s\000t\000i\000c\000\040\000m\000e\000t\000h\000o\000d\000s}{chapter.6}% 54
\BOOKMARK [1][-]{section.6.2}{\376\377\000S\000h\000a\000r\000e\000d\000\040\000f\000e\000a\000s\000i\000b\000i\000l\000i\000t\000y\000\040\000o\000r\000a\000c\000l\000e}{chapter.6}% 55
\BOOKMARK [1][-]{section.6.3}{\376\377\000G\000r\000e\000e\000d\000y\000\040\000c\000o\000n\000s\000t\000r\000u\000c\000t\000i\000o\000n}{chapter.6}% 56
\BOOKMARK [1][-]{section.6.4}{\376\377\000I\000n\000s\000e\000r\000t\000i\000o\000n\000-\000b\000a\000s\000e\000d\000\040\000c\000o\000n\000s\000t\000r\000u\000c\000t\000i\000o\000n\000\040\000a\000n\000d\000\040\000r\000e\000p\000a\000i\000r}{chapter.6}% 57
\BOOKMARK [1][-]{section.6.5}{\376\377\000F\000e\000r\000r\000y\000\040\000a\000n\000d\000\040\000n\000o\000-\000f\000e\000r\000r\000y\000\040\000v\000a\000r\000i\000a\000n\000t\000s}{chapter.6}% 58
\BOOKMARK [1][-]{section.6.6}{\376\377\000P\000a\000t\000h\000-\000b\000a\000s\000e\000d\000\040\000a\000n\000d\000\040\000a\000r\000c\000-\000b\000a\000s\000e\000d\000\040\000r\000e\000p\000r\000e\000s\000e\000n\000t\000a\000t\000i\000o\000n\000s}{chapter.6}% 59
\BOOKMARK [1][-]{section.6.7}{\376\377\000M\000o\000d\000i\000f\000i\000e\000d\000\040\000D\000i\000j\000k\000s\000t\000r\000a\000\040\000h\000e\000u\000r\000i\000s\000t\000i\000c}{chapter.6}% 60
\BOOKMARK [1][-]{section.6.8}{\376\377\000A\000n\000t\000\040\000c\000o\000l\000o\000n\000y\000\040\000o\000p\000t\000i\000m\000i\000s\000a\000t\000i\000o\000n\000\040\000h\000e\000u\000r\000i\000s\000t\000i\000c}{chapter.6}% 61
\BOOKMARK [1][-]{section.6.9}{\376\377\000A\000p\000p\000l\000i\000c\000a\000t\000i\000o\000n\000\040\000w\000o\000r\000k\000f\000l\000o\000w\000\040\000a\000n\000d\000\040\000g\000e\000n\000e\000r\000a\000t\000e\000d\000\040\000s\000c\000h\000e\000d\000u\000l\000e\000s}{chapter.6}% 62
\BOOKMARK [1][-]{section.6.10}{\376\377\000Q\000u\000a\000l\000i\000t\000y\000\040\000a\000s\000s\000e\000s\000s\000m\000e\000n\000t\000\040\000a\000n\000d\000\040\000c\000o\000m\000p\000u\000t\000a\000t\000i\000o\000n\000a\000l\000\040\000r\000o\000l\000e}{chapter.6}% 63
\BOOKMARK [0][-]{chapter.7}{\376\377\000C\000o\000m\000p\000u\000t\000a\000t\000i\000o\000n\000a\000l\000\040\000S\000t\000u\000d\000y}{}% 64
\BOOKMARK [1][-]{section.7.1}{\376\377\000R\000e\000s\000e\000a\000r\000c\000h\000\040\000q\000u\000e\000s\000t\000i\000o\000n\000s\000\040\000a\000n\000d\000\040\000e\000v\000a\000l\000u\000a\000t\000i\000o\000n\000\040\000p\000r\000i\000n\000c\000i\000p\000l\000e\000s}{chapter.7}% 65
\BOOKMARK [1][-]{section.7.2}{\376\377\000S\000o\000f\000t\000w\000a\000r\000e\000,\000\040\000h\000a\000r\000d\000w\000a\000r\000e\000,\000\040\000a\000n\000d\000\040\000r\000e\000p\000r\000o\000d\000u\000c\000i\000b\000i\000l\000i\000t\000y\000\040\000p\000r\000o\000t\000o\000c\000o\000l}{chapter.7}% 66
\BOOKMARK [2][-]{subsection.7.2.1}{\376\377\000E\000x\000e\000c\000u\000t\000i\000o\000n\000\040\000p\000r\000o\000t\000o\000c\000o\000l}{section.7.2}% 67
\BOOKMARK [1][-]{section.7.3}{\376\377\000B\000e\000n\000c\000h\000m\000a\000r\000k\000\040\000f\000a\000m\000i\000l\000i\000e\000s}{chapter.7}% 68
\BOOKMARK [2][-]{subsection.7.3.1}{\376\377\000D\000a\000t\000a\000\040\000c\000o\000n\000s\000t\000r\000u\000c\000t\000i\000o\000n\000\040\000a\000n\000d\000\040\000i\000n\000s\000t\000a\000n\000c\000e\000\040\000c\000l\000a\000s\000s\000i\000f\000i\000c\000a\000t\000i\000o\000n}{section.7.3}% 69
\BOOKMARK [2][-]{subsection.7.3.2}{\376\377\000E\000x\000a\000c\000t\000-\000f\000e\000a\000s\000i\000b\000l\000e\000\040\000c\000o\000m\000p\000a\000r\000i\000s\000o\000n\000\040\000a\000n\000d\000\040\000h\000e\000u\000r\000i\000s\000t\000i\000c\000\040\000i\000m\000p\000r\000o\000v\000e\000m\000e\000n\000t}{section.7.3}% 70
\BOOKMARK [1][-]{section.7.4}{\376\377\000M\000e\000a\000s\000u\000r\000e\000d\000\040\000e\000x\000a\000c\000t\000-\000m\000o\000d\000e\000l\000\040\000r\000e\000s\000u\000l\000t\000s}{chapter.7}% 71
\BOOKMARK [2][-]{subsection.7.4.1}{\376\377\000C\000u\000r\000a\000t\000e\000d\000\040\000h\000i\000e\000r\000a\000r\000c\000h\000y\000-\000s\000u\000i\000t\000e\000\040\000r\000e\000s\000u\000l\000t\000s}{section.7.4}% 72
\BOOKMARK [2][-]{subsection.7.4.2}{\376\377\000S\000e\000n\000s\000i\000t\000i\000v\000i\000t\000y\000\040\000t\000o\000\040\000t\000h\000r\000e\000s\000h\000o\000l\000d\000s\000,\000\040\000d\000u\000r\000a\000t\000i\000o\000n\000s\000,\000\040\000a\000n\000d\000\040\000c\000a\000p\000a\000c\000i\000t\000y}{section.7.4}% 73
\BOOKMARK [1][-]{section.7.5}{\376\377\000C\000o\000n\000s\000t\000r\000a\000i\000n\000t\000\040\000\050\0001\0003\000\051\000\040\000a\000n\000d\000\040\000h\000i\000e\000r\000a\000r\000c\000h\000y\000\040\000v\000a\000l\000i\000d\000a\000t\000i\000o\000n}{chapter.7}% 74
\BOOKMARK [2][-]{subsection.7.5.1}{\376\377\000D\000e\000d\000i\000c\000a\000t\000e\000d\000\040\000l\000o\000o\000p\000h\000o\000l\000e\000\040\000v\000a\000l\000i\000d\000a\000t\000i\000o\000n}{section.7.5}% 75
\BOOKMARK [1][-]{section.7.6}{\376\377\000H\000e\000u\000r\000i\000s\000t\000i\000c\000\040\000t\000o\000u\000r\000n\000a\000m\000e\000n\000t}{chapter.7}% 76
\BOOKMARK [1][-]{section.7.7}{\376\377\000A\000l\000t\000e\000r\000n\000a\000t\000i\000v\000e\000\040\000s\000o\000f\000t\000-\000c\000o\000v\000e\000r\000a\000g\000e\000\040\000f\000o\000r\000m\000u\000l\000a\000t\000i\000o\000n}{chapter.7}% 77
\BOOKMARK [1][-]{section.7.8}{\376\377\000L\000P\000\040\000l\000o\000w\000e\000r\000\040\000b\000o\000u\000n\000d\000s\000\040\000a\000n\000d\000\040\000g\000a\000p\000\040\000r\000e\000p\000o\000r\000t\000i\000n\000g}{chapter.7}% 78
\BOOKMARK [1][-]{section.7.9}{\376\377\000P\000a\000t\000h\000-\000b\000a\000s\000e\000d\000\040\000v\000e\000r\000s\000u\000s\000\040\000a\000r\000c\000-\000b\000a\000s\000e\000d\000\040\000c\000o\000m\000p\000u\000t\000a\000t\000i\000o\000n}{chapter.7}% 79
\BOOKMARK [1][-]{section.7.10}{\376\377\000E\000x\000t\000e\000n\000d\000e\000d\000\040\000c\000o\000m\000p\000a\000r\000i\000s\000o\000n\000\040\000a\000n\000d\000\040\000r\000e\000p\000o\000r\000t\000i\000n\000g\000\040\000t\000e\000m\000p\000l\000a\000t\000e}{chapter.7}% 80
\BOOKMARK [1][-]{section.7.11}{\376\377\000S\000u\000m\000m\000a\000r\000y\000\040\000o\000f\000\040\000m\000e\000a\000s\000u\000r\000e\000d\000\040\000e\000v\000i\000d\000e\000n\000c\000e\000\040\000a\000n\000d\000\040\000r\000e\000m\000a\000i\000n\000i\000n\000g\000\040\000c\000o\000m\000p\000a\000r\000i\000s\000o\000n\000s}{chapter.7}% 81
\BOOKMARK [1][-]{section.7.12}{\376\377\000T\000h\000r\000e\000a\000t\000s\000\040\000t\000o\000\040\000v\000a\000l\000i\000d\000i\000t\000y}{chapter.7}% 82
\BOOKMARK [1][-]{section.7.13}{\376\377\000D\000i\000r\000e\000c\000t\000i\000o\000n\000s\000\040\000f\000o\000r\000\040\000s\000t\000r\000e\000n\000g\000t\000h\000e\000n\000i\000n\000g\000\040\000t\000h\000e\000\040\000e\000x\000a\000c\000t\000\040\000f\000o\000r\000m\000u\000l\000a\000t\000i\000o\000n}{chapter.7}% 83
\BOOKMARK [0][-]{chapter.8}{\376\377\000C\000o\000n\000c\000l\000u\000s\000i\000o\000n}{}% 84
